
> ISA-PHM-Wizard@0.1.0 test:integration
> vitest --run src/tests/backend-conversion.test.js src/tests/backend-root.test.js


[1m[46m RUN [49m[22m [36mv3.2.4 [39m[90mC:/Users/Nathan-HvA/Documents/ISA-PHM-Wizard[39m

 [32mÔ£ô[39m src/tests/backend-root.test.js [2m([22m[2m1 test[22m[2m)[22m[32m 31[2mms[22m[39m
[90mstdout[2m | src/tests/backend-conversion.test.js[2m > [22m[2mISA-PHM Conversion Integration Tests
[22m[39m­ƒöì Testing backend conversion endpoint at http://localhost:8080/convert
­ƒôñ Sending conversion request...
­ƒôª Payload prepared with [33m2[39m studies

[90mstdout[2m | src/tests/backend-conversion.test.js[2m > [22m[2mISA-PHM Conversion Integration Tests
[22m[39m­ƒÜÇ Calling conversion API at http://localhost:8080/convert

[90mstdout[2m | src/tests/backend-conversion.test.js[2m > [22m[2mISA-PHM Conversion Integration Tests
[22m[39mÔ£à Conversion successful!
­ƒôè Response has [33m2[39m studies

[90mstdout[2m | src/tests/backend-conversion.test.js[2m > [22m[2mISA-PHM Conversion Integration Tests[2m > [22m[2mAPI Performance[2m > [22m[2mshould complete conversion in reasonable time
[22m[39m­ƒÜÇ Calling conversion API at http://localhost:8080/convert

[90mstdout[2m | src/tests/backend-conversion.test.js[2m > [22m[2mISA-PHM Conversion Integration Tests[2m > [22m[2mAPI Performance[2m > [22m[2mshould complete conversion in reasonable time
[22m[39mÔÅ▒´©Å  Conversion time: [33m2366[39m ms

 [31mÔØ»[39m src/tests/backend-conversion.test.js [2m([22m[2m51 tests[22m[2m | [22m[31m8 failed[39m[2m)[22m[33m 4798[2mms[22m[39m
   [32mÔ£ô[39m ISA-PHM Conversion Integration Tests[2m > [22mBackend Availability[2m > [22mshould have backend running[32m 1[2mms[22m[39m
   [32mÔ£ô[39m ISA-PHM Conversion Integration Tests[2m > [22mAPI Response Structure[2m > [22mshould return a valid JSON response[32m 0[2mms[22m[39m
   [32mÔ£ô[39m ISA-PHM Conversion Integration Tests[2m > [22mAPI Response Structure[2m > [22mshould have investigation level fields[32m 1[2mms[22m[39m
   [32mÔ£ô[39m ISA-PHM Conversion Integration Tests[2m > [22mAPI Response Structure[2m > [22mshould have people array[32m 0[2mms[22m[39m
   [32mÔ£ô[39m ISA-PHM Conversion Integration Tests[2m > [22mAPI Response Structure[2m > [22mshould have publications array[32m 0[2mms[22m[39m
   [32mÔ£ô[39m ISA-PHM Conversion Integration Tests[2m > [22mAPI Response Structure[2m > [22mshould have studies array[32m 0[2mms[22m[39m
[31m   [31m├ù[31m ISA-PHM Conversion Integration Tests[2m > [22mInvestigation Level Data from API[2m > [22mshould have correct investigation identifier[39m[32m 8[2mms[22m[39m
[31m     ÔåÆ expected 'e8727d59-687e-45ab-af4f-807cb2b4837c' to be 'i1' // Object.is equality[39m
   [32mÔ£ô[39m ISA-PHM Conversion Integration Tests[2m > [22mInvestigation Level Data from API[2m > [22mshould have investigation title matching golden output[32m 0[2mms[22m[39m
   [32mÔ£ô[39m ISA-PHM Conversion Integration Tests[2m > [22mInvestigation Level Data from API[2m > [22mshould have investigation description matching golden output[32m 0[2mms[22m[39m
   [32mÔ£ô[39m ISA-PHM Conversion Integration Tests[2m > [22mInvestigation Level Data from API[2m > [22mshould have submission date matching golden output[32m 0[2mms[22m[39m
   [32mÔ£ô[39m ISA-PHM Conversion Integration Tests[2m > [22mInvestigation Level Data from API[2m > [22mshould have public release date matching golden output[32m 0[2mms[22m[39m
[31m   [31m├ù[31m ISA-PHM Conversion Integration Tests[2m > [22mInvestigation Level Data from API[2m > [22mshould have license in comments matching golden output[39m[32m 0[2mms[22m[39m
[31m     ÔåÆ expected undefined to be defined[39m
   [32mÔ£ô[39m ISA-PHM Conversion Integration Tests[2m > [22mPeople/Authors from API[2m > [22mshould have correct number of people[32m 0[2mms[22m[39m
   [32mÔ£ô[39m ISA-PHM Conversion Integration Tests[2m > [22mPeople/Authors from API[2m > [22mshould have people matching golden output[32m 0[2mms[22m[39m
   [32mÔ£ô[39m ISA-PHM Conversion Integration Tests[2m > [22mPeople/Authors from API[2m > [22mshould have correct roles for each person[32m 1[2mms[22m[39m
   [32mÔ£ô[39m ISA-PHM Conversion Integration Tests[2m > [22mPeople/Authors from API[2m > [22mshould have author_id in comments matching golden output[32m 0[2mms[22m[39m
   [32mÔ£ô[39m ISA-PHM Conversion Integration Tests[2m > [22mPublications from API[2m > [22mshould have correct number of publications[32m 0[2mms[22m[39m
   [32mÔ£ô[39m ISA-PHM Conversion Integration Tests[2m > [22mPublications from API[2m > [22mshould have publication data matching golden output[32m 0[2mms[22m[39m
   [32mÔ£ô[39m ISA-PHM Conversion Integration Tests[2m > [22mStudies from API[2m > [22mshould have correct number of studies[32m 0[2mms[22m[39m
   [32mÔ£ô[39m ISA-PHM Conversion Integration Tests[2m > [22mStudies from API[2m > [22mshould have study identifiers matching golden output[32m 0[2mms[22m[39m
   [32mÔ£ô[39m ISA-PHM Conversion Integration Tests[2m > [22mStudies from API[2m > [22mshould have study titles matching golden output[32m 0[2mms[22m[39m
   [32mÔ£ô[39m ISA-PHM Conversion Integration Tests[2m > [22mStudies from API[2m > [22mshould have study descriptions matching golden output[32m 0[2mms[22m[39m
[31m   [31m├ù[31m ISA-PHM Conversion Integration Tests[2m > [22mStudies from API[2m > [22mshould have study filenames matching golden output[39m[32m 1[2mms[22m[39m
[31m     ÔåÆ expected 's01_.txt' to be 'a_s01_.txt' // Object.is equality[39m
   [32mÔ£ô[39m ISA-PHM Conversion Integration Tests[2m > [22mStudy Protocols from API[2m > [22mshould have correct number of protocols in each study[32m 0[2mms[22m[39m
[31m   [31m├ù[31m ISA-PHM Conversion Integration Tests[2m > [22mStudy Protocols from API[2m > [22mshould have experiment preparation protocol[39m[32m 1[2mms[22m[39m
[31m     ÔåÆ expected 'Experiment Preparation Protocol' to be 'Experiment Preparation' // Object.is equality[39m
   [32mÔ£ô[39m ISA-PHM Conversion Integration Tests[2m > [22mStudy Protocols from API[2m > [22mshould have correct protocol types[32m 0[2mms[22m[39m
   [32mÔ£ô[39m ISA-PHM Conversion Integration Tests[2m > [22mStudy Protocols from API[2m > [22mshould have sensor id in measurement protocol comments[32m 1[2mms[22m[39m
   [32mÔ£ô[39m ISA-PHM Conversion Integration Tests[2m > [22mStudy Materials from API[2m > [22mshould have materials in each study[32m 0[2mms[22m[39m
   [32mÔ£ô[39m ISA-PHM Conversion Integration Tests[2m > [22mStudy Materials from API[2m > [22mshould have sources[32m 0[2mms[22m[39m
   [32mÔ£ô[39m ISA-PHM Conversion Integration Tests[2m > [22mStudy Materials from API[2m > [22mshould have samples with characteristics[32m 0[2mms[22m[39m
   [32mÔ£ô[39m ISA-PHM Conversion Integration Tests[2m > [22mStudy Materials from API[2m > [22mshould have factor values in samples[32m 0[2mms[22m[39m
   [32mÔ£ô[39m ISA-PHM Conversion Integration Tests[2m > [22mStudy Factors from API[2m > [22mshould have correct number of factors in each study[32m 0[2mms[22m[39m
   [32mÔ£ô[39m ISA-PHM Conversion Integration Tests[2m > [22mStudy Factors from API[2m > [22mshould have factor names matching golden output[32m 0[2mms[22m[39m
   [32mÔ£ô[39m ISA-PHM Conversion Integration Tests[2m > [22mAssays from API[2m > [22mshould have correct number of assays in each study[32m 0[2mms[22m[39m
[31m   [31m├ù[31m ISA-PHM Conversion Integration Tests[2m > [22mAssays from API[2m > [22mshould have assay filenames matching golden output[39m[32m 1[2mms[22m[39m
[31m     ÔåÆ expected 'a_st01_se01' to be 'a_s01_vib_ch_1.txt' // Object.is equality[39m
   [32mÔ£ô[39m ISA-PHM Conversion Integration Tests[2m > [22mAssays from API[2m > [22mshould have technology platforms matching golden output[32m 0[2mms[22m[39m
   [32mÔ£ô[39m ISA-PHM Conversion Integration Tests[2m > [22mAssays from API[2m > [22mshould have correct measurement and technology types[32m 0[2mms[22m[39m
   [32mÔ£ô[39m ISA-PHM Conversion Integration Tests[2m > [22mAssays from API[2m > [22mshould have correct data file types in assays[32m 1[2mms[22m[39m
[31m   [31m├ù[31m ISA-PHM Conversion Integration Tests[2m > [22mAssays from API[2m > [22mshould have process sequences matching golden output length[39m[32m 1[2mms[22m[39m
[31m     ÔåÆ expected 2 to be 3 // Object.is equality[39m
   [32mÔ£ô[39m ISA-PHM Conversion Integration Tests[2m > [22mData Format Validation[2m > [22mshould have dates in ISO format[32m 0[2mms[22m[39m
   [32mÔ£ô[39m ISA-PHM Conversion Integration Tests[2m > [22mData Format Validation[2m > [22mshould have valid email addresses[32m 0[2mms[22m[39m
   [32mÔ£ô[39m ISA-PHM Conversion Integration Tests[2m > [22mData Format Validation[2m > [22mshould have valid DOIs[32m 0[2mms[22m[39m
   [32mÔ£ô[39m ISA-PHM Conversion Integration Tests[2m > [22mData Format Validation[2m > [22mshould not have undefined values in critical fields[32m 0[2mms[22m[39m
   [33m[2mÔ£ô[22m[39m ISA-PHM Conversion Integration Tests[2m > [22mAPI Performance[2m > [22mshould complete conversion in reasonable time [33m 2366[2mms[22m[39m
   [32mÔ£ô[39m ISA-PHM Conversion Integration Tests[2m > [22mCross-References from API[2m > [22mshould have valid protocol references in processes[32m 0[2mms[22m[39m
   [32mÔ£ô[39m ISA-PHM Conversion Integration Tests[2m > [22mCross-References from API[2m > [22mshould have valid material references in processes[32m 0[2mms[22m[39m
[31m   [31m├ù[31m ISA-PHM Conversion Integration Tests[2m > [22mComplete Golden Output Comparison[2m > [22mshould match investigation-level fields exactly[39m[32m 0[2mms[22m[39m
[31m     ÔåÆ expected 'e8727d59-687e-45ab-af4f-807cb2b4837c' to be 'i1' // Object.is equality[39m
   [32mÔ£ô[39m ISA-PHM Conversion Integration Tests[2m > [22mComplete Golden Output Comparison[2m > [22mshould have identical structure counts[32m 0[2mms[22m[39m
   [32mÔ£ô[39m ISA-PHM Conversion Integration Tests[2m > [22mComplete Golden Output Comparison[2m > [22mshould have matching characteristic categories[32m 0[2mms[22m[39m
[31m   [31m├ù[31m ISA-PHM Conversion Integration Tests[2m > [22mComplete Golden Output Comparison[2m > [22mshould have matching unit categories[39m[32m 0[2mms[22m[39m
[31m     ÔåÆ expected 6 to be 5 // Object.is equality[39m
   [32mÔ£ô[39m ISA-PHM Conversion Integration Tests[2m > [22mComplete Golden Output Comparison[2m > [22mshould produce consistent JSON structure[32m 0[2mms[22m[39m
cmd : 
At line:1 char:1
+ cmd /c "set FORCE_COLOR=0 && npm run test:integration" *> test-report ...
+ ~~~~~~~~~~~~~~~~~~~~~~~~~~~~~~~~~~~~~~~~~~~~~~~~~~~~~~~~~~~~~~~~~~~~~
    + CategoryInfo          : NotSpecified: (:String) [], RemoteException
    + FullyQualifiedErrorId : NativeCommandError
 
[31mÔÄ»ÔÄ»ÔÄ»ÔÄ»ÔÄ»ÔÄ»ÔÄ»[39m[1m[41m Failed Tests 8 [49m[22m[31mÔÄ»ÔÄ»ÔÄ»ÔÄ»ÔÄ»ÔÄ»ÔÄ»[39m

[41m[1m FAIL [22m[49m src/tests/backend-conversion.test.js[2m > [22mISA-PHM Conversion Integration Tests[2m > [22mInvestigation Level Data
 from API[2m > [22mshould have correct investigation identifier
[31m[1mAssertionError[22m: expected 'e8727d59-687e-45ab-af4f-807cb2b4837c' to be 'i1' // Object.is equality[39m

Expected: [32m"i1"[39m
Received: [31m"e8727d59-687e-45ab-af4f-807cb2b4837c"[39m

[36m [2mÔØ»[22m src/tests/backend-conversion.test.js:[2m341:36[22m[39m
    [90m339| [39m    [34mit[39m([32m'should have correct investigation identifier'[39m[33m,[39m () [33m=>[39m {
    [90m340| [39m      [35mif[39m ([33m![39mbackendAvailable) [35mreturn[39m[33m;[39m
    [90m341| [39m      [34mexpect[39m(apiOutput[33m.[39midentifier)[33m.[39m[34mtoBe[39m(expectedOutput[33m.[39midentifier)[33m;[39m
    [90m   | [39m                                   [31m^[39m
    [90m342| [39m    })[33m;[39m
    [90m343| [39m

[31m[2mÔÄ»ÔÄ»ÔÄ»ÔÄ»ÔÄ»ÔÄ»ÔÄ»ÔÄ»ÔÄ»ÔÄ»ÔÄ»ÔÄ»ÔÄ»ÔÄ»ÔÄ»ÔÄ»ÔÄ»ÔÄ»ÔÄ»ÔÄ»ÔÄ»ÔÄ»ÔÄ»ÔÄ»[1/8]ÔÄ»[22m[39m

[41m[1m FAIL [22m[49m src/tests/backend-conversion.test.js[2m > [22mISA-PHM Conversion Integration Tests[2m > [22mInvestigation Level Data
 from API[2m > [22mshould have license in comments matching golden output
[31m[1mAssertionError[22m: expected undefined to be defined[39m
[36m [2mÔØ»[22m src/tests/backend-conversion.test.js:[2m368:30[22m[39m
    [90m366| [39m      [34mexpect[39m([33mArray[39m[33m.[39m[34misArray[39m(apiOutput[33m.[39mcomments))[33m.[39m[34mtoBe[39m([35
mtrue[39m)[33m;[39m
    [90m367| [39m      const licenseComment = apiOutput.comments.find(c => c.name === 'ÔÇª
    [90m368| [39m      [34mexpect[39m(licenseComment)[33m.[39m[34mtoBeDefined[39m()[33m;[39m
    [90m   | [39m                             [31m^[39m
    [90m369| [39m      expect(licenseComment.value).toBe(expectedOutput.comments.find(cÔÇª
    [90m370| [39m    })[33m;[39m

[31m[2mÔÄ»ÔÄ»ÔÄ»ÔÄ»ÔÄ»ÔÄ»ÔÄ»ÔÄ»ÔÄ»ÔÄ»ÔÄ»ÔÄ»ÔÄ»ÔÄ»ÔÄ»ÔÄ»ÔÄ»ÔÄ»ÔÄ»ÔÄ»ÔÄ»ÔÄ»ÔÄ»ÔÄ»[2/8]ÔÄ»[22m[39m

[41m[1m FAIL [22m[49m src/tests/backend-conversion.test.js[2m > [22mISA-PHM Conversion Integration Tests[2m > [22mStudies from API[2m > 
[22mshould have study filenames matching golden output
[31m[1mAssertionError[22m: expected 's01_.txt' to be 'a_s01_.txt' // Object.is equality[39m

Expected: [32m"[7ma_[27ms01_.txt"[39m
Received: [31m"s01_.txt"[39m

[36m [2mÔØ»[22m src/tests/backend-conversion.test.js:[2m463:32[22m[39m
    [90m461| [39m      [35mif[39m ([33m![39mbackendAvailable) [35mreturn[39m[33m;[39m
    [90m462| [39m      apiOutput[33m.[39mstudies[33m.[39m[34mforEach[39m((study[33m,[39m index) [33m=>[39m {
    [90m463| [39m        expect(study.filename).toBe(expectedOutput.studies[index].fileÔÇª
    [90m   | [39m                               [31m^[39m
    [90m464| [39m      })[33m;[39m
    [90m465| [39m    })[33m;[39m
[90m [2mÔØ»[22m src/tests/backend-conversion.test.js:[2m462:25[22m[39m

[31m[2mÔÄ»ÔÄ»ÔÄ»ÔÄ»ÔÄ»ÔÄ»ÔÄ»ÔÄ»ÔÄ»ÔÄ»ÔÄ»ÔÄ»ÔÄ»ÔÄ»ÔÄ»ÔÄ»ÔÄ»ÔÄ»ÔÄ»ÔÄ»ÔÄ»ÔÄ»ÔÄ»ÔÄ»[3/8]ÔÄ»[22m[39m

[41m[1m FAIL [22m[49m src/tests/backend-conversion.test.js[2m > [22mISA-PHM Conversion Integration Tests[2m > [22mStudy Protocols from API
[2m > [22mshould have experiment preparation protocol
[31m[1mAssertionError[22m: expected 'Experiment Preparation Protocol' to be 'Experiment Preparation' // Object.is equality[39m

Expected: [32m"Experiment Preparation"[39m
Received: [31m"Experiment Preparation[7m Protocol[27m"[39m

[36m [2mÔØ»[22m src/tests/backend-conversion.test.js:[2m484:35[22m[39m
    [90m482| [39m        )[33m;[39m
    [90m483| [39m        [34mexpect[39m(prepProtocol)[33m.[39m[34mtoBeDefined[39m()[33m;[39m
    [90m484| [39m        [34mexpect[39m(prepProtocol[33m.[39mname)[33m.[39m[34mtoBe[39m([32m'Experiment Preparation'[39m)[33m;[39m
    [90m   | [39m                                  [31m^[39m
    [90m485| [39m      })[33m;[39m
    [90m486| [39m    })[33m;[39m
[90m [2mÔØ»[22m src/tests/backend-conversion.test.js:[2m479:25[22m[39m

[31m[2mÔÄ»ÔÄ»ÔÄ»ÔÄ»ÔÄ»ÔÄ»ÔÄ»ÔÄ»ÔÄ»ÔÄ»ÔÄ»ÔÄ»ÔÄ»ÔÄ»ÔÄ»ÔÄ»ÔÄ»ÔÄ»ÔÄ»ÔÄ»ÔÄ»ÔÄ»ÔÄ»ÔÄ»[4/8]ÔÄ»[22m[39m

[41m[1m FAIL [22m[49m src/tests/backend-conversion.test.js[2m > [22mISA-PHM Conversion Integration Tests[2m > [22mAssays from API[2m > [
22mshould have assay filenames matching golden output
[31m[1mAssertionError[22m: expected 'a_st01_se01' to be 'a_s01_vib_ch_1.txt' // Object.is equality[39m

Expected: [32m"a_s01_[7mvib_ch_1.txt[27m"[39m
Received: [31m"a_s[7mt[27m01_[7mse01[27m"[39m

[36m [2mÔØ»[22m src/tests/backend-conversion.test.js:[2m600:34[22m[39m
    [90m598| [39m        [35mconst[39m expectedStudy [33m=[39m expectedOutput[33m.[39mstudies[studyIndex][33m;[39m
    [90m599| [39m        study[33m.[39massays[33m.[39m[34mforEach[39m((assay[33m,[39m assayIndex) [33m=>[39m {
    [90m600| [39m          expect(assay.filename).toBe(expectedStudy.assays[assayIndex]ÔÇª
    [90m   | [39m                                 [31m^[39m
    [90m601| [39m        })[33m;[39m
    [90m602| [39m      })[33m;[39m
[90m [2mÔØ»[22m src/tests/backend-conversion.test.js:[2m599:22[22m[39m
[90m [2mÔØ»[22m src/tests/backend-conversion.test.js:[2m597:25[22m[39m

[31m[2mÔÄ»ÔÄ»ÔÄ»ÔÄ»ÔÄ»ÔÄ»ÔÄ»ÔÄ»ÔÄ»ÔÄ»ÔÄ»ÔÄ»ÔÄ»ÔÄ»ÔÄ»ÔÄ»ÔÄ»ÔÄ»ÔÄ»ÔÄ»ÔÄ»ÔÄ»ÔÄ»ÔÄ»[5/8]ÔÄ»[22m[39m

[41m[1m FAIL [22m[49m src/tests/backend-conversion.test.js[2m > [22mISA-PHM Conversion Integration Tests[2m > [22mAssays from API[2m > [
22mshould have process sequences matching golden output length
[31m[1mAssertionError[22m: expected 2 to be 3 // Object.is equality[39m

[32m- Expected[39m
[31m+ Received[39m

[32m- 3[39m
[31m+ 2[39m

[36m [2mÔØ»[22m src/tests/backend-conversion.test.js:[2m648:48[22m[39m
    [90m646| [39m        study[33m.[39massays[33m.[39m[34mforEach[39m((assay[33m,[39m assayIndex) [33m=>[39m {
    [90m647| [39m          [35mconst[39m expectedAssay [33m=[39m expectedStudy[33m.[39massays[assayIndex][33m;[39m
    [90m648| [39m          expect(assay.processSequence.length).toBe(expectedAssay.procÔÇª
    [90m   | [39m                                               [31m^[39m
    [90m649| [39m        })[33m;[39m
    [90m650| [39m      })[33m;[39m
[90m [2mÔØ»[22m src/tests/backend-conversion.test.js:[2m646:22[22m[39m
[90m [2mÔØ»[22m src/tests/backend-conversion.test.js:[2m644:25[22m[39m

[31m[2mÔÄ»ÔÄ»ÔÄ»ÔÄ»ÔÄ»ÔÄ»ÔÄ»ÔÄ»ÔÄ»ÔÄ»ÔÄ»ÔÄ»ÔÄ»ÔÄ»ÔÄ»ÔÄ»ÔÄ»ÔÄ»ÔÄ»ÔÄ»ÔÄ»ÔÄ»ÔÄ»ÔÄ»[6/8]ÔÄ»[22m[39m

[41m[1m FAIL [22m[49m src/tests/backend-conversion.test.js[2m > [22mISA-PHM Conversion Integration Tests[2m > [22mComplete Golden Output C
omparison[2m > [22mshould match investigation-level fields exactly
[31m[1mAssertionError[22m: expected 'e8727d59-687e-45ab-af4f-807cb2b4837c' to be 'i1' // Object.is equality[39m

Expected: [32m"i1"[39m
Received: [31m"e8727d59-687e-45ab-af4f-807cb2b4837c"[39m

[36m [2mÔØ»[22m src/tests/backend-conversion.test.js:[2m742:36[22m[39m
    [90m740| [39m    [34mit[39m([32m'should match investigation-level fields exactly'[39m[33m,[39m () [33m=>[39m {
    [90m741| [39m      [35mif[39m ([33m![39mbackendAvailable) [35mreturn[39m[33m;[39m
    [90m742| [39m      [34mexpect[39m(apiOutput[33m.[39midentifier)[33m.[39m[34mtoBe[39m(expectedOutput[33m.[39midentifier)[33m;[39m
    [90m   | [39m                                   [31m^[39m
    [90m743| [39m      [34mexpect[39m(apiOutput[33m.[39mtitle)[33m.[39m[34mtoBe[39m(expectedOutput[33m.[39mtitle)[33m;[39m
    [90m744| [39m      [34mexpect[39m(apiOutput[33m.[39mdescription)[33m.[39m[34mtoBe[39m(expectedOutput[33m.[39mdescription)[33m;[3
9m

[31m[2mÔÄ»ÔÄ»ÔÄ»ÔÄ»ÔÄ»ÔÄ»ÔÄ»ÔÄ»ÔÄ»ÔÄ»ÔÄ»ÔÄ»ÔÄ»ÔÄ»ÔÄ»ÔÄ»ÔÄ»ÔÄ»ÔÄ»ÔÄ»ÔÄ»ÔÄ»ÔÄ»ÔÄ»[7/8]ÔÄ»[22m[39m

[41m[1m FAIL [22m[49m src/tests/backend-conversion.test.js[2m > [22mISA-PHM Conversion Integration Tests[2m > [22mComplete Golden Output C
omparison[2m > [22mshould have matching unit categories
[31m[1mAssertionError[22m: expected 6 to be 5 // Object.is equality[39m

[32m- Expected[39m
[31m+ Received[39m

[32m- 5[39m
[31m+ 6[39m

[36m [2mÔØ»[22m src/tests/backend-conversion.test.js:[2m778:45[22m[39m
    [90m776| [39m      apiOutput[33m.[39mstudies[33m.[39m[34mforEach[39m((study[33m,[39m index) [33m=>[39m {
    [90m777| [39m        [35mconst[39m expectedStudy [33m=[39m expectedOutput[33m.[39mstudies[index][33m;[39m
    [90m778| [39m        expect(study.unitCategories.length).toBe(expectedStudy.unitCatÔÇª
    [90m   | [39m                                            [31m^[39m
    [90m779| [39m        
    [90m780| [39m        study[33m.[39munitCategories[33m.[39m[34mforEach[39m((unit[33m,[39m unitIndex) [33m=>[39m {
[90m [2mÔØ»[22m src/tests/backend-conversion.test.js:[2m776:25[22m[39m

[31m[2mÔÄ»ÔÄ»ÔÄ»ÔÄ»ÔÄ»ÔÄ»ÔÄ»ÔÄ»ÔÄ»ÔÄ»ÔÄ»ÔÄ»ÔÄ»ÔÄ»ÔÄ»ÔÄ»ÔÄ»ÔÄ»ÔÄ»ÔÄ»ÔÄ»ÔÄ»ÔÄ»ÔÄ»[8/8]ÔÄ»[22m[39m


[2m Test Files [22m [1m[31m1 failed[39m[22m[2m | [22m[1m[32m1 passed[39m[22m[90m (2)[39m
[2m      Tests [22m [1m[31m8 failed[39m[22m[2m | [22m[1m[32m44 passed[39m[22m[90m (52)[39m
[2m   Start at [22m 16:05:23
[2m   Duration [22m 6.84s[2m (transform 99ms, setup 465ms, collect 93ms, tests 4.83s, environment 2.36s, prepare 424ms)[22m

